// Jest Snapshot v1, https://goo.gl/fbAQLP

exports[`PokemonPage test should do match woth the snaopshot 1`] = `
<div>
  <h1>Cargando...</h1>
</div>
`;

exports[`PokemonPage test should match with snapshot when pokemons are loaded 1`] = `
<div>
  <h1>¿Quién es este Pokémon?</h1>
  <pokemon-picture-stub pokemonid="1" showpokemon="false"></pokemon-picture-stub>
  <pokemon-options-stub pokemons=""></pokemon-options-stub>
  <!--v-if-->
</div>
`;
